
Running 47 tests using 1 worker

(node:54028) Warning: The 'NO_COLOR' env is ignored due to the 'FORCE_COLOR' env being set.
(Use `node --trace-warnings ...` to show where the warning was created)
  ok  1 e2e\desktopAudit.spec.js:3:1 › overview exposes invalid graph issues separately from extraction (1.0s)
  ok  2 e2e\desktopAudit.spec.js:21:1 › review decisions show the exact table scope for duplicate columns (967ms)
  ok  3 e2e\graph.spec.js:13:1 › native graph separates ownership, keeps cross-links, and opens a right-side detail sheet (2.9s)
  ok  4 e2e\graph.spec.js:43:1 › filters compose on the server, clear cleanly, and show empty states (2.4s)
  ok  5 e2e\graph.spec.js:62:1 › project color mapping persists through reload and drives nodes, minimap, and legend (3.1s)
  ok  6 e2e\graph.spec.js:103:1 › keyboard selection opens details and narrow layouts stay within the viewport (3.3s)
  ok  7 e2e\graph.spec.js:130:1 › failed graph and object requests expose retry without showing another scope (2.4s)
  ok  8 e2e\graph.spec.js:151:1 › late graph and object responses cannot overwrite a newer selection (1.8s)
  ok  9 e2e\graph.spec.js:196:1 › shared shadcn controls preserve search, full inspector, review, and source settings (2.1s)
  ok 10 e2e\graphExplorer.spec.js:16:1 › native overview unfolds one owner without moving existing objects or changing zoom (2.0s)
  ok 11 e2e\graphExplorer.spec.js:39:1 › nested report groups expand by keyboard and overview survives an Inspector visit (2.6s)
  ok 12 e2e\graphExplorer.spec.js:61:1 › connections follow native edges and can expand a neighborhood (1.8s)
  ok 13 e2e\graphExplorer.spec.js:83:1 › a dense loaded slice starts compact, keeps counts honest, and retains the optional full graph (1.4s)
  ok 14 e2e\graphExplorer.spec.js:124:1 › small screens retain readable group controls without page overflow (1.2s)
  ok 15 e2e\graphExplorer.spec.js:140:1 › an explicit relationship filter stays visible in overview (1.3s)
  ok 16 e2e\graphSession.spec.js:3:1 › graph exploration keeps filters, focus, and layout after an Inspector round trip (2.6s)
  ok 17 e2e\modelSummary.spec.js:10:1 › native-backed summary previews and downloads the exact UTF-8 context (1.9s)
  ok 18 e2e\modelSummary.spec.js:35:1 › summary retries errors and offers selection when clipboard is unavailable (1.5s)
  ok 19 e2e\modelSummary.spec.js:51:1 › late model response cannot replace selected model context (1.6s)
  ok 20 e2e\modelSummary.spec.js:71:1 › empty projects explain why a summary is unavailable (1.2s)
  ok 21 e2e\overhaul.spec.js:13:1 › Inspector starts with browsable measures and keeps browse filters on return (1.6s)
  ok 22 e2e\overhaul.spec.js:28:1 › search has a clear focus boundary and respects reduced motion (1.2s)
  ok 23 e2e\overhaul.spec.js:46:1 › graph defaults to source objects and isolates a selected neighborhood (2.5s)
  ok 24 e2e\overhaul.spec.js:66:1 › palette selection persists without changing project sources (1.7s)
  ok 25 e2e\overhaul.spec.js:86:1 › review explains evidence, aligns targets left, prevents double submit, and persists decisions (5.3s)
  ok 26 e2e\overhaul.spec.js:110:1 › review evidence and palettes remain usable on a narrow screen (1.3s)
  ok 27 e2e\overhaul.spec.js:125:1 › failed decisions remain reviewable and command buttons work without WebGL (1.0s)
  ok 28 e2e\overhaul.spec.js:148:1 › large native scans start bounded and search finds objects beyond the first slice (4.5s)
  ok 29 e2e\overhaul.spec.js:176:1 › dark default and flat selection remain clear during keyboard navigation (1.4s)
  ok 30 e2e\overhaul.spec.js:198:1 › native scan exposes full report hierarchy and matching visual bindings (8.4s)
  ok 31 e2e\overhaul.spec.js:252:1 › shared meaning suggestions keep separate decisions through reload and rescan (3.2s)
  ok 32 e2e\overhaul.spec.js:286:1 › flat controls remain usable across navigation, graph, details, Inspector and Settings (2.5s)
  ok 33 e2e\product.spec.js:3:1 › home search returns to the same results and keyboard focus without refetching (2.2s)
  ok 34 e2e\product.spec.js:35:1 › source setup opens project settings and empty projects have one next step (1.1s)
  ok 35 e2e\product.spec.js:56:1 › search scopes, late responses, and retry never show another query's results (2.6s)
  ok 36 e2e\product.spec.js:96:1 › inspector retries failed objects and does not claim empty lineage while loading (1.5s)
  ok 37 e2e\product.spec.js:120:1 › home, search, and readable formulas fit narrow screens with reduced motion (1.4s)
  ok 38 e2e\product.spec.js:139:1 › more results appends real API pages and survives an inspector visit (2.4s)
  ok 39 e2e\product.spec.js:170:1 › every direct relationship remains reachable beyond the first ten (1.4s)
  ok 40 e2e\productRefinement.spec.js:15:1 › review queue explains snapshot failure and retries into a loaded state (1.6s)
  ok 41 e2e\productRefinement.spec.js:35:1 › settings shows a local retry when configuration loading fails (2.0s)
  ok 42 e2e\productRefinement.spec.js:53:1 › blank search with a type filter browses matching objects (1.3s)
  ok 43 e2e\productRefinement.spec.js:64:1 › review filters and sort survive an inspector visit and restore target focus (1.4s)
  ok 44 e2e\productRefinement.spec.js:95:1 › canonical pending count drives the review badge and Reload Brain refreshes its snapshot (1.5s)
  ok 45 e2e\productRefinement.spec.js:119:1 › successful review stays successful when the follow-up snapshot refresh fails (1.4s)
  ok 46 e2e\productRefinement.spec.js:151:1 › a scan started from Overview reloads the review queue after navigation during the scan (2.4s)
  ok 47 e2e\productRefinement.spec.js:186:1 › a delayed review response cannot overwrite a newer successful scan generation (2.2s)

  47 passed (1.8m)
