
Running 32 tests using 1 worker

(node:50560) Warning: The 'NO_COLOR' env is ignored due to the 'FORCE_COLOR' env being set.
(Use `node --trace-warnings ...` to show where the warning was created)
  ok  1 e2e\desktopAudit.spec.js:3:1 › overview exposes invalid graph issues separately from extraction (1.6s)
  ok  2 e2e\desktopAudit.spec.js:21:1 › review decisions show the exact table scope for duplicate columns (1.1s)
  ok  3 e2e\graph.spec.js:12:1 › native graph separates ownership, keeps cross-links, and opens a right-side detail sheet (3.3s)
  ok  4 e2e\graph.spec.js:41:1 › filters compose on the server, clear cleanly, and show empty states (3.6s)
  ok  5 e2e\graph.spec.js:59:1 › project color mapping persists through reload and drives nodes, minimap, and legend (4.7s)
  ok  6 e2e\graph.spec.js:96:1 › keyboard selection opens details and narrow layouts stay within the viewport (3.8s)
  ok  7 e2e\graph.spec.js:122:1 › failed graph and object requests expose retry without showing another scope (3.3s)
  ok  8 e2e\graph.spec.js:142:1 › late graph and object responses cannot overwrite a newer selection (3.0s)
  ok  9 e2e\graph.spec.js:186:1 › shared shadcn controls preserve search, full inspector, review, and source settings (3.1s)
  ok 10 e2e\modelSummary.spec.js:10:1 › native-backed summary previews and downloads the exact UTF-8 context (2.3s)
  ok 11 e2e\modelSummary.spec.js:35:1 › summary retries errors and offers selection when clipboard is unavailable (2.2s)
  ok 12 e2e\modelSummary.spec.js:51:1 › late model response cannot replace selected model context (1.4s)
  ok 13 e2e\modelSummary.spec.js:71:1 › empty projects explain why a summary is unavailable (1.9s)
  ok 14 e2e\overhaul.spec.js:13:1 › Inspector starts with browsable measures and keeps browse filters on return (1.7s)
  ok 15 e2e\overhaul.spec.js:28:1 › search has a clear focus boundary and respects reduced motion (2.7s)
  ok 16 e2e\overhaul.spec.js:46:1 › graph defaults to source objects and isolates a selected neighborhood (1.9s)
  ok 17 e2e\overhaul.spec.js:62:1 › palette selection persists without changing project sources (2.3s)
  ok 18 e2e\overhaul.spec.js:80:1 › review explains evidence, aligns targets left, prevents double submit, and persists decisions (6.4s)
  ok 19 e2e\overhaul.spec.js:104:1 › review evidence and palettes remain usable on a narrow screen (1.8s)
  ok 20 e2e\overhaul.spec.js:118:1 › failed decisions remain reviewable and command buttons work without WebGL (3.5s)
  ok 21 e2e\overhaul.spec.js:141:1 › large native scans start bounded and search finds objects beyond the first slice (6.6s)
  ok 22 e2e\overhaul.spec.js:168:1 › dark default and flat selection remain clear during keyboard navigation (1.4s)
  ok 23 e2e\overhaul.spec.js:190:1 › native scan exposes full report hierarchy and matching visual bindings (8.9s)
  ok 24 e2e\overhaul.spec.js:243:1 › shared meaning suggestions keep separate decisions through reload and rescan (4.5s)
  ok 25 e2e\overhaul.spec.js:277:1 › flat controls remain usable across navigation, graph, details, Inspector and Settings (3.5s)
  ok 26 e2e\product.spec.js:3:1 › home search returns to the same results and keyboard focus without refetching (2.7s)
  ok 27 e2e\product.spec.js:35:1 › source setup opens project settings and empty projects have one next step (1.6s)
  ok 28 e2e\product.spec.js:56:1 › search scopes, late responses, and retry never show another query's results (4.0s)
  ok 29 e2e\product.spec.js:96:1 › inspector retries failed objects and does not claim empty lineage while loading (1.9s)
  ok 30 e2e\product.spec.js:120:1 › home, search, and readable formulas fit narrow screens with reduced motion (2.4s)
  ok 31 e2e\product.spec.js:139:1 › more results appends real API pages and survives an inspector visit (2.4s)
  ok 32 e2e\product.spec.js:170:1 › every direct relationship remains reachable beyond the first ten (1.7s)

  32 passed (1.7m)
