TAP version 13
# Subtest: desktop bridge is available immediately when injected
ok 1 - desktop bridge is available immediately when injected
  ---
  duration_ms: 1.6432
  type: 'test'
  ...
# Subtest: desktop bridge waits for pywebviewready without affecting browser mode
ok 2 - desktop bridge waits for pywebviewready without affecting browser mode
  ---
  duration_ms: 0.2527
  type: 'test'
  ...
# Subtest: desktop requests return bridge failures as useful errors
ok 3 - desktop requests return bridge failures as useful errors
  ---
  duration_ms: 0.6872
  type: 'test'
  ...
# Subtest: desktop requests carry selected source files to the native bridge
ok 4 - desktop requests carry selected source files to the native bridge
  ---
  duration_ms: 3.1134
  type: 'test'
  ...
# Subtest: same-name review targets retain table and model/report scope
ok 5 - same-name review targets retain table and model/report scope
  ---
  duration_ms: 2.3683
  type: 'test'
  ...
# Subtest: dependency chains flow left to right without overlapping nodes
ok 6 - dependency chains flow left to right without overlapping nodes
  ---
  duration_ms: 44.8877
  type: 'test'
  ...
# Subtest: cycles, self loops, parallel edges and disconnected objects remain finite
ok 7 - cycles, self loops, parallel edges and disconnected objects remain finite
  ---
  duration_ms: 8.4502
  type: 'test'
  ...
# Subtest: empty and single-object scopes are safe
ok 8 - empty and single-object scopes are safe
  ---
  duration_ms: 0.8145
  type: 'test'
  ...
# Subtest: report artifacts with both ownership IDs stay in the report group
ok 9 - report artifacts with both ownership IDs stay in the report group
  ---
  duration_ms: 1.1108
  type: 'test'
  ...
# Subtest: status never overrides artifact colors and reset restores group inheritance
ok 10 - status never overrides artifact colors and reset restores group inheritance
  ---
  duration_ms: 1.6736
  type: 'test'
  ...
# Subtest: artifact regions are disjoint and contain their nodes (LR)
ok 11 - artifact regions are disjoint and contain their nodes (LR)
  ---
  duration_ms: 72.9124
  type: 'test'
  ...
# Subtest: artifact regions are disjoint and contain their nodes (TB)
ok 12 - artifact regions are disjoint and contain their nodes (TB)
  ---
  duration_ms: 21.1414
  type: 'test'
  ...
# Subtest: grouped layout preserves cycles, parallel edges, self-loops, unknown nodes and ID collisions
ok 13 - grouped layout preserves cycles, parallel edges, self-loops, unknown nodes and ID collisions
  ---
  duration_ms: 32.1109
  type: 'test'
  ...
# Subtest: vertical layout preserves source-to-target direction
ok 14 - vertical layout preserves source-to-target direction
  ---
  duration_ms: 36.6431
  type: 'test'
  ...
# Subtest: source visual identifiers use the visual type while explicit titles survive
ok 15 - source visual identifiers use the visual type while explicit titles survive
  ---
  duration_ms: 1.6563
  type: 'test'
  ...
# Subtest: nested and serialized evidence becomes readable without exposing internal references
ok 16 - nested and serialized evidence becomes readable without exposing internal references
  ---
  duration_ms: 3.6168
  type: 'test'
  ...
# Subtest: palettes are diverse defaults while explicit custom colors and group inheritance survive
ok 17 - palettes are diverse defaults while explicit custom colors and group inheritance survive
  ---
  duration_ms: 1.4076
  type: 'test'
  ...
# Subtest: model precedes report, page, visual and bound field without reversing canonical arrows
ok 18 - model precedes report, page, visual and bound field without reversing canonical arrows
  ---
  duration_ms: 68.4097
  type: 'test'
  ...
# Subtest: visual titles and types are readable; an opaque ID is the final fallback
ok 19 - visual titles and types are readable; an opaque ID is the final fallback
  ---
  duration_ms: 0.7722
  type: 'test'
  ...
# Subtest: search scopes and paginates through the local API
ok 20 - search scopes and paginates through the local API
  ---
  duration_ms: 1.549
  type: 'test'
  ...
# Subtest: graph encodes a center and carries an explicit bounded scope
ok 21 - graph encodes a center and carries an explicit bounded scope
  ---
  duration_ms: 1.239
  type: 'test'
  ...
# Subtest: graph filters are sent before the server truncates the result
ok 22 - graph filters are sent before the server truncates the result
  ---
  duration_ms: 0.7001
  type: 'test'
  ...
# Subtest: config save preserves the complete server contract
ok 23 - config save preserves the complete server contract
  ---
  duration_ms: 1.0542
  type: 'test'
  ...
# Subtest: scan posts an explicit JSON payload for the local WSGI API
ok 24 - scan posts an explicit JSON payload for the local WSGI API
  ---
  duration_ms: 0.3008
  type: 'test'
  ...
# Subtest: API errors expose the backend error field
ok 25 - API errors expose the backend error field
  ---
  duration_ms: 0.6989
  type: 'test'
  ...
# Subtest: model summary requires an explicit encoded model scope
ok 26 - model summary requires an explicit encoded model scope
  ---
  duration_ms: 0.4213
  type: 'test'
  ...
1..26
# tests 26
# suites 0
# pass 26
# fail 0
# cancelled 0
# skipped 0
# todo 0
# duration_ms 375.9134
