vite v5.4.21 building for production...
transforming...
src/components/ui/tabs.jsx (1:0): Error when using sourcemap for reporting an error: Can't resolve original location of error.
src/components/ui/tabs.jsx (1:0): Module level directives cause errors when bundled, "use client" in "src/components/ui/tabs.jsx" was ignored.
../../../../frontend/node_modules/lucide-react/dist/esm/context.mjs (2:0): Module level directives cause errors when bundled, "use client" in "../../../../frontend/node_modules/lucide-react/dist/esm/context.mjs" was ignored.
../../../../frontend/node_modules/lucide-react/dist/esm/Icon.mjs (2:0): Module level directives cause errors when bundled, "use client" in "../../../../frontend/node_modules/lucide-react/dist/esm/Icon.mjs" was ignored.
src/components/ui/checkbox.jsx (1:0): Error when using sourcemap for reporting an error: Can't resolve original location of error.
src/components/ui/checkbox.jsx (1:0): Module level directives cause errors when bundled, "use client" in "src/components/ui/checkbox.jsx" was ignored.
../../../../frontend/node_modules/@xyflow/react/dist/esm/index.js (1:0): Module level directives cause errors when bundled, "use client" in "../../../../frontend/node_modules/@xyflow/react/dist/esm/index.js" was ignored.
../../../../frontend/node_modules/@radix-ui/react-alert-dialog/dist/index.mjs (1:0): Module level directives cause errors when bundled, "use client" in "../../../../frontend/node_modules/@radix-ui/react-alert-dialog/dist/index.mjs" was ignored.
../../../../frontend/node_modules/@radix-ui/react-accordion/dist/index.mjs (1:0): Module level directives cause errors when bundled, "use client" in "../../../../frontend/node_modules/@radix-ui/react-accordion/dist/index.mjs" was ignored.
../../../../frontend/node_modules/@radix-ui/react-avatar/dist/index.mjs (1:0): Module level directives cause errors when bundled, "use client" in "../../../../frontend/node_modules/@radix-ui/react-avatar/dist/index.mjs" was ignored.
../../../../frontend/node_modules/@radix-ui/react-collapsible/dist/index.mjs (1:0): Module level directives cause errors when bundled, "use client" in "../../../../frontend/node_modules/@radix-ui/react-collapsible/dist/index.mjs" was ignored.
../../../../frontend/node_modules/@radix-ui/react-checkbox/dist/index.mjs (1:0): Module level directives cause errors when bundled, "use client" in "../../../../frontend/node_modules/@radix-ui/react-checkbox/dist/index.mjs" was ignored.
../../../../frontend/node_modules/@radix-ui/react-context-menu/dist/index.mjs (1:0): Module level directives cause errors when bundled, "use client" in "../../../../frontend/node_modules/@radix-ui/react-context-menu/dist/index.mjs" was ignored.
../../../../frontend/node_modules/@radix-ui/react-direction/dist/index.mjs (1:0): Module level directives cause errors when bundled, "use client" in "../../../../frontend/node_modules/@radix-ui/react-direction/dist/index.mjs" was ignored.
../../../../frontend/node_modules/@radix-ui/react-dialog/dist/index.mjs (1:0): Module level directives cause errors when bundled, "use client" in "../../../../frontend/node_modules/@radix-ui/react-dialog/dist/index.mjs" was ignored.
../../../../frontend/node_modules/@radix-ui/react-dropdown-menu/dist/index.mjs (1:0): Module level directives cause errors when bundled, "use client" in "../../../../frontend/node_modules/@radix-ui/react-dropdown-menu/dist/index.mjs" was ignored.
../../../../frontend/node_modules/@radix-ui/react-label/dist/index.mjs (1:0): Module level directives cause errors when bundled, "use client" in "../../../../frontend/node_modules/@radix-ui/react-label/dist/index.mjs" was ignored.
../../../../frontend/node_modules/@radix-ui/react-hover-card/dist/index.mjs (1:0): Module level directives cause errors when bundled, "use client" in "../../../../frontend/node_modules/@radix-ui/react-hover-card/dist/index.mjs" was ignored.
../../../../frontend/node_modules/@radix-ui/react-form/dist/index.mjs (1:0): Module level directives cause errors when bundled, "use client" in "../../../../frontend/node_modules/@radix-ui/react-form/dist/index.mjs" was ignored.
../../../../frontend/node_modules/@radix-ui/react-menubar/dist/index.mjs (1:0): Module level directives cause errors when bundled, "use client" in "../../../../frontend/node_modules/@radix-ui/react-menubar/dist/index.mjs" was ignored.
../../../../frontend/node_modules/@radix-ui/react-password-toggle-field/dist/index.mjs (1:0): Module level directives cause errors when bundled, "use client" in "../../../../frontend/node_modules/@radix-ui/react-password-toggle-field/dist/index.mjs" was ignored.
../../../../frontend/node_modules/@radix-ui/react-portal/dist/index.mjs (1:0): Module level directives cause errors when bundled, "use client" in "../../../../frontend/node_modules/@radix-ui/react-portal/dist/index.mjs" was ignored.
../../../../frontend/node_modules/@radix-ui/react-progress/dist/index.mjs (1:0): Module level directives cause errors when bundled, "use client" in "../../../../frontend/node_modules/@radix-ui/react-progress/dist/index.mjs" was ignored.
../../../../frontend/node_modules/@radix-ui/react-popover/dist/index.mjs (1:0): Module level directives cause errors when bundled, "use client" in "../../../../frontend/node_modules/@radix-ui/react-popover/dist/index.mjs" was ignored.
../../../../frontend/node_modules/@radix-ui/react-one-time-password-field/dist/index.mjs (1:0): Module level directives cause errors when bundled, "use client" in "../../../../frontend/node_modules/@radix-ui/react-one-time-password-field/dist/index.mjs" was ignored.
../../../../frontend/node_modules/@radix-ui/react-radio-group/dist/index.mjs (1:0): Module level directives cause errors when bundled, "use client" in "../../../../frontend/node_modules/@radix-ui/react-radio-group/dist/index.mjs" was ignored.
../../../../frontend/node_modules/@radix-ui/react-navigation-menu/dist/index.mjs (1:0): Module level directives cause errors when bundled, "use client" in "../../../../frontend/node_modules/@radix-ui/react-navigation-menu/dist/index.mjs" was ignored.
../../../../frontend/node_modules/@radix-ui/react-scroll-area/dist/index.mjs (1:0): Module level directives cause errors when bundled, "use client" in "../../../../frontend/node_modules/@radix-ui/react-scroll-area/dist/index.mjs" was ignored.
../../../../frontend/node_modules/@radix-ui/react-switch/dist/index.mjs (1:0): Module level directives cause errors when bundled, "use client" in "../../../../frontend/node_modules/@radix-ui/react-switch/dist/index.mjs" was ignored.
../../../../frontend/node_modules/@radix-ui/react-tabs/dist/index.mjs (1:0): Module level directives cause errors when bundled, "use client" in "../../../../frontend/node_modules/@radix-ui/react-tabs/dist/index.mjs" was ignored.
../../../../frontend/node_modules/@radix-ui/react-toggle/dist/index.mjs (1:0): Module level directives cause errors when bundled, "use client" in "../../../../frontend/node_modules/@radix-ui/react-toggle/dist/index.mjs" was ignored.
../../../../frontend/node_modules/@radix-ui/react-slider/dist/index.mjs (1:0): Module level directives cause errors when bundled, "use client" in "../../../../frontend/node_modules/@radix-ui/react-slider/dist/index.mjs" was ignored.
../../../../frontend/node_modules/@radix-ui/react-toggle-group/dist/index.mjs (1:0): Module level directives cause errors when bundled, "use client" in "../../../../frontend/node_modules/@radix-ui/react-toggle-group/dist/index.mjs" was ignored.
../../../../frontend/node_modules/@radix-ui/react-toolbar/dist/index.mjs (1:0): Module level directives cause errors when bundled, "use client" in "../../../../frontend/node_modules/@radix-ui/react-toolbar/dist/index.mjs" was ignored.
../../../../frontend/node_modules/@radix-ui/react-select/dist/index.mjs (1:0): Module level directives cause errors when bundled, "use client" in "../../../../frontend/node_modules/@radix-ui/react-select/dist/index.mjs" was ignored.
../../../../frontend/node_modules/@radix-ui/react-toast/dist/index.mjs (1:0): Module level directives cause errors when bundled, "use client" in "../../../../frontend/node_modules/@radix-ui/react-toast/dist/index.mjs" was ignored.
../../../../frontend/node_modules/@radix-ui/react-tooltip/dist/index.mjs (1:0): Module level directives cause errors when bundled, "use client" in "../../../../frontend/node_modules/@radix-ui/react-tooltip/dist/index.mjs" was ignored.
../../../../frontend/node_modules/@radix-ui/react-collection/dist/index.mjs (1:0): Module level directives cause errors when bundled, "use client" in "../../../../frontend/node_modules/@radix-ui/react-collection/dist/index.mjs" was ignored.
../../../../frontend/node_modules/@radix-ui/react-presence/dist/index.mjs (1:0): Module level directives cause errors when bundled, "use client" in "../../../../frontend/node_modules/@radix-ui/react-presence/dist/index.mjs" was ignored.
../../../../frontend/node_modules/@radix-ui/react-menu/dist/index.mjs (1:0): Module level directives cause errors when bundled, "use client" in "../../../../frontend/node_modules/@radix-ui/react-menu/dist/index.mjs" was ignored.
../../../../frontend/node_modules/@radix-ui/react-focus-guards/dist/index.mjs (1:0): Module level directives cause errors when bundled, "use client" in "../../../../frontend/node_modules/@radix-ui/react-focus-guards/dist/index.mjs" was ignored.
../../../../frontend/node_modules/@radix-ui/react-focus-scope/dist/index.mjs (1:0): Module level directives cause errors when bundled, "use client" in "../../../../frontend/node_modules/@radix-ui/react-focus-scope/dist/index.mjs" was ignored.
../../../../frontend/node_modules/@radix-ui/react-dismissable-layer/dist/index.mjs (1:0): Module level directives cause errors when bundled, "use client" in "../../../../frontend/node_modules/@radix-ui/react-dismissable-layer/dist/index.mjs" was ignored.
../../../../frontend/node_modules/@radix-ui/react-popper/dist/index.mjs (1:0): Module level directives cause errors when bundled, "use client" in "../../../../frontend/node_modules/@radix-ui/react-popper/dist/index.mjs" was ignored.
../../../../frontend/node_modules/@radix-ui/react-roving-focus/dist/index.mjs (1:0): Module level directives cause errors when bundled, "use client" in "../../../../frontend/node_modules/@radix-ui/react-roving-focus/dist/index.mjs" was ignored.
✓ 2196 modules transformed.
rendering chunks...
computing gzip size...
dist/index.html                                                     0.57 kB │ gzip:   0.33 kB
dist/assets/jetbrains-mono-vietnamese-wght-normal-Bt-aOZkq.woff2    7.50 kB
dist/assets/jetbrains-mono-greek-wght-normal-Bw9x6K1M.woff2         9.00 kB
dist/assets/inter-vietnamese-wght-normal-CBcvBZtf.woff2            10.25 kB
dist/assets/inter-greek-ext-wght-normal-DlzME5K_.woff2             11.23 kB
dist/assets/jetbrains-mono-cyrillic-wght-normal-D73BlboJ.woff2     12.11 kB
dist/assets/jetbrains-mono-latin-ext-wght-normal-DBQx-q_a.woff2    15.20 kB
dist/assets/inter-cyrillic-wght-normal-DqGufNeO.woff2              18.75 kB
dist/assets/inter-greek-wght-normal-CkhJZR-_.woff2                 19.00 kB
dist/assets/inter-cyrillic-ext-wght-normal-BOeWTOD4.woff2          25.96 kB
dist/assets/jetbrains-mono-latin-wght-normal-B9CIFXIH.woff2        40.40 kB
dist/assets/inter-latin-wght-normal-Dx4kXJAl.woff2                 48.26 kB
dist/assets/inter-latin-ext-wght-normal-DO1Apj_S.woff2             85.07 kB
dist/assets/index-CAXV-Ivo.css                                    143.67 kB │ gzip:  28.94 kB
dist/assets/index-ZiwQ_Z1X.js                                     591.01 kB │ gzip: 187.11 kB

(!) Some chunks are larger than 500 kB after minification. Consider:
- Using dynamic import() to code-split the application
- Use build.rollupOptions.output.manualChunks to improve chunking: https://rollupjs.org/configuration-options/#output-manualchunks
- Adjust chunk size limit for this warning via build.chunkSizeWarningLimit.
✓ built in 9.15s
