
parsing 1/165: docs/evidence/product-refinement-2026-10-08/playwr
parsing 2/165: docs/evidence/product-refinement-2026-10-08/visual
parsing 3/165: frontend/e2e/graphSession.spec.js                 
parsing 4/165: frontend/e2e/productRefinement.spec.js            
parsing 5/165: backend/__init__.py                               
parsing 6/165: backend/agent.py                                  
parsing 7/165: backend/api/__init__.py                           
parsing 8/165: backend/api/__main__.py                           
parsing 9/165: backend/api/app.py                                
parsing 10/165: backend/api/graph.py                              
parsing 11/165: backend/api/objects.py                            
parsing 12/165: backend/api/queries.py                            
parsing 13/165: backend/api/retrieval.py                          
parsing 14/165: backend/api/review.py                             
parsing 15/165: backend/cli/__init__.py                           
parsing 16/165: backend/cli/main.py                               
parsing 17/165: backend/context/__init__.py                       
parsing 18/165: backend/context/builder.py                        
parsing 19/165: backend/context/pruning.py                        
parsing 20/165: backend/context/schema.py                         
parsing 21/165: backend/dax/__init__.py                           
parsing 22/165: backend/dax/analyzer.py                           
parsing 23/165: backend/dax/ast.py                                
parsing 24/165: backend/dax/evidence.py                           
parsing 25/165: backend/dax/generated/DAXLexer.py                 
parsing 26/165: backend/dax/generated/DAXParser.py                
parsing 27/165: backend/dax/generated/DAXParserListener.py        
parsing 28/165: backend/dax/generated/DAXParserVisitor.py         
parsing 29/165: backend/dax/generated/__init__.py                 
parsing 30/165: backend/dax/parser.py                             
parsing 31/165: backend/dax/visitors.py                           
parsing 32/165: backend/desktop/__init__.py                       
parsing 33/165: backend/desktop/__main__.py                       
parsing 34/165: backend/desktop/host.py                           
parsing 35/165: backend/documentation_export.py                   
parsing 36/165: backend/graph/__init__.py                         
parsing 37/165: backend/graph/artifacts.py                        
parsing 38/165: backend/graph/loader.py                           
parsing 39/165: backend/graph/migrations.py                       
parsing 40/165: backend/graph/queries.py                          
parsing 41/165: backend/graph/repository.py                       
parsing 42/165: backend/graph/schema.py                           
parsing 43/165: backend/inference/__init__.py                     
parsing 44/165: backend/inference/confidence.py                   
parsing 45/165: backend/inference/engine.py                       
parsing 46/165: backend/inference/report_usage.py                 
parsing 47/165: backend/inference/selectors.py                    
parsing 48/165: backend/inference/semantics.py                    
parsing 49/165: backend/mcp_server.py                             
parsing 50/165: backend/model_summary.py                          
parsing 51/165: backend/native_runtime.py                         
parsing 52/165: backend/projects.py                               
parsing 53/165: backend/scanner/__init__.py                       
parsing 54/165: backend/scanner/metadata_reader.py                
parsing 55/165: backend/scanner/model_reader.py                   
parsing 56/165: backend/scanner/normalization.py                  
parsing 57/165: backend/scanner/pbip.py                           
parsing 58/165: backend/scanner/pipeline.py                       
parsing 59/165: backend/scanner/report_reader.py                  
parsing 60/165: backend/scanner/sync.py                           
parsing 61/165: backend/sync/__init__.py                          
parsing 62/165: backend/sync/changes.py                           
parsing 63/165: backend/sync/reconciliation.py                    
parsing 64/165: backend/validation/__init__.py                    
parsing 65/165: backend/validation/graph.py                       
parsing 66/165: backend/validation/integrity.py                   
parsing 67/165: backend/validation/overrides.py                   
parsing 68/165: backend/validation/powerbi.py                     
parsing 69/165: backend/validation/semantics.py                   
parsing 70/165: branding/make_icon.py                             
parsing 71/165: docs/evidence/desktop-fixes-2026-09-30/verify-pack
parsing 72/165: docs/evidence/model-summary-2026-09-30/verify-pack
parsing 73/165: frontend/e2e/desktopAudit.spec.js                 
parsing 74/165: frontend/e2e/graph.spec.js                        
parsing 75/165: frontend/e2e/modelSummary.spec.js                 
parsing 76/165: frontend/e2e/overhaul.spec.js                     
parsing 77/165: frontend/e2e/product.spec.js                      
parsing 78/165: frontend/playwright.config.js                     
parsing 79/165: frontend/public/theme-init.js                     
parsing 80/165: frontend/src/App.jsx                              
parsing 81/165: frontend/src/NavIcon.jsx                          
parsing 82/165: frontend/src/components/BrandMark.jsx             
parsing 83/165: frontend/src/components/GraphColors.jsx           
parsing 84/165: frontend/src/components/GraphDetails.jsx          
parsing 85/165: frontend/src/components/GraphView.jsx             
parsing 86/165: frontend/src/components/ModelSummary.jsx          
parsing 87/165: frontend/src/components/VisualBindings.jsx        
parsing 88/165: frontend/src/components/ui/badge.jsx              
parsing 89/165: frontend/src/components/ui/button.jsx             
parsing 90/165: frontend/src/components/ui/card.jsx               
parsing 91/165: frontend/src/components/ui/checkbox.jsx           
parsing 92/165: frontend/src/components/ui/input.jsx              
parsing 93/165: frontend/src/components/ui/label.jsx              
parsing 94/165: frontend/src/components/ui/native-select.jsx      
parsing 95/165: frontend/src/components/ui/separator.jsx          
parsing 96/165: frontend/src/components/ui/sheet.jsx              
parsing 97/165: frontend/src/components/ui/tabs.jsx               
parsing 98/165: frontend/src/dax.jsx                              
parsing 99/165: frontend/src/desktop.js                           
parsing 100/165: frontend/src/graphLayout.js                       
parsing 101/165: frontend/src/graphPresentation.js                 
parsing 102/165: frontend/src/lib/utils.js                         
parsing 103/165: frontend/src/main.jsx                             
parsing 104/165: frontend/src/presentation.js                      
parsing 105/165: frontend/src/transport.js                         
parsing 106/165: frontend/test/desktop.test.js                     
parsing 107/165: frontend/test/desktopAudit.test.js                
parsing 108/165: frontend/test/graphLayout.test.js                 
parsing 109/165: frontend/test/graphPresentation.test.js           
parsing 110/165: frontend/test/graphVertical.test.js               
parsing 111/165: frontend/test/presentation.test.js                
parsing 112/165: frontend/test/reportHierarchy.test.js             
parsing 113/165: frontend/test/transport.test.js                   
parsing 114/165: frontend/vite.config.js                           
parsing 115/165: packaging/desktop_entry.py                        
parsing 116/165: scripts/check-frozen-desktop.py                   
parsing 117/165: tests/__init__.py                                 
parsing 118/165: tests/dax/__init__.py                             
parsing 119/165: tests/dax/_helpers.py                             
parsing 120/165: tests/dax/test_analyzer_contract.py               
parsing 121/165: tests/dax/test_analyzer_edge_cases.py             
parsing 122/165: tests/dax/test_antlr_generation_contract.py       
parsing 123/165: tests/dax/test_parser_contract.py                 
parsing 124/165: tests/fixtures/__init__.py                        
parsing 125/165: tests/fixtures/dax_edge_cases.py                  
parsing 126/165: tests/fixtures/dax_golden.py                      
parsing 127/165: tests/fixtures/pbip_sources.py                    
parsing 128/165: tests/fixtures/phase1_sources.py                  
parsing 129/165: tests/fixtures/phase2_sources.py                  
parsing 130/165: tests/fixtures/phase3_sources.py                  
parsing 131/165: tests/fixtures/phase5_sources.py                  
parsing 132/165: tests/fixtures/tmsl_sources.py                    
parsing 133/165: tests/graph_ui_server.py                          
parsing 134/165: tests/support/__init__.py                         
parsing 135/165: tests/support/canonical.py                        
parsing 136/165: tests/test_desktop.py                             
parsing 137/165: tests/test_desktop_agent.py                       
parsing 138/165: tests/test_desktop_audit_fixes.py                 
parsing 139/165: tests/test_desktop_native_e2e.py                  
parsing 140/165: tests/test_documentation_export.py                
parsing 141/165: tests/test_fact_graph_contract.py                 
parsing 142/165: tests/test_graph_presentation.py                  
parsing 143/165: tests/test_mcp_adapter.py                         
parsing 144/165: tests/test_model_summary.py                       
parsing 145/165: tests/test_native_cli_contract.py                 
parsing 146/165: tests/test_nonblocking_cleanup_contract.py        
parsing 147/165: tests/test_pbip_direct_ingestion_contract.py      
parsing 148/165: tests/test_phase1_edge_cases.py                   
parsing 149/165: tests/test_phase2_scan_contract.py                
parsing 150/165: tests/test_phase3_inference_audit.py              
parsing 151/165: tests/test_phase3_inference_contract.py           
parsing 152/165: tests/test_phase4_inspector_contract.py           
parsing 153/165: tests/test_phase5_sync_validation_contract.py     
parsing 154/165: tests/test_phase6_api_context_contract.py         
parsing 155/165: tests/test_product_api.py                         
parsing 156/165: tests/test_projects.py                            
parsing 157/165: tests/test_publication_contract.py                
parsing 158/165: tests/test_report_hierarchy.py                    
parsing 159/165: tests/test_report_visual_contract.py              
parsing 160/165: tests/test_repository_contract.py                 
parsing 161/165: tests/test_retrieval_quality.py                   
parsing 162/165: tests/test_scanner_contract.py                    
parsing 163/165: tests/test_schema_contract.py                     
parsing 164/165: tests/test_shared_semantic_review.py              
parsing 165/165: tests/test_tmsl_semantics_contract.py             
✓ wiring: 2103 nodes (1050 method, 719 function, 169 class, 165 file), 5280 edges, 165 cards [javascript, jsx, python]
  parsed: 2 of 165 files (163 replayed from cache)
  → C:\Users\Daniel\Desktop\PBIBrain\graft
  graft/ is git-ignored (added automatically) — a local cache; teammates run `graft build` to get their own.
