
parsing 1/167: docs/evidence/product-refinement-2026-10-08/playwr
parsing 2/167: docs/evidence/product-refinement-2026-10-08/visual
parsing 3/167: frontend/e2e/graphExplorer.spec.js                
parsing 4/167: frontend/e2e/graphSession.spec.js                 
parsing 5/167: frontend/e2e/productRefinement.spec.js            
parsing 6/167: frontend/playwright.graph-readability.config.js   
parsing 7/167: backend/__init__.py                               
parsing 8/167: backend/agent.py                                  
parsing 9/167: backend/api/__init__.py                           
parsing 10/167: backend/api/__main__.py                           
parsing 11/167: backend/api/app.py                                
parsing 12/167: backend/api/graph.py                              
parsing 13/167: backend/api/objects.py                            
parsing 14/167: backend/api/queries.py                            
parsing 15/167: backend/api/retrieval.py                          
parsing 16/167: backend/api/review.py                             
parsing 17/167: backend/cli/__init__.py                           
parsing 18/167: backend/cli/main.py                               
parsing 19/167: backend/context/__init__.py                       
parsing 20/167: backend/context/builder.py                        
parsing 21/167: backend/context/pruning.py                        
parsing 22/167: backend/context/schema.py                         
parsing 23/167: backend/dax/__init__.py                           
parsing 24/167: backend/dax/analyzer.py                           
parsing 25/167: backend/dax/ast.py                                
parsing 26/167: backend/dax/evidence.py                           
parsing 27/167: backend/dax/generated/DAXLexer.py                 
parsing 28/167: backend/dax/generated/DAXParser.py                
parsing 29/167: backend/dax/generated/DAXParserListener.py        
parsing 30/167: backend/dax/generated/DAXParserVisitor.py         
parsing 31/167: backend/dax/generated/__init__.py                 
parsing 32/167: backend/dax/parser.py                             
parsing 33/167: backend/dax/visitors.py                           
parsing 34/167: backend/desktop/__init__.py                       
parsing 35/167: backend/desktop/__main__.py                       
parsing 36/167: backend/desktop/host.py                           
parsing 37/167: backend/documentation_export.py                   
parsing 38/167: backend/graph/__init__.py                         
parsing 39/167: backend/graph/artifacts.py                        
parsing 40/167: backend/graph/loader.py                           
parsing 41/167: backend/graph/migrations.py                       
parsing 42/167: backend/graph/queries.py                          
parsing 43/167: backend/graph/repository.py                       
parsing 44/167: backend/graph/schema.py                           
parsing 45/167: backend/inference/__init__.py                     
parsing 46/167: backend/inference/confidence.py                   
parsing 47/167: backend/inference/engine.py                       
parsing 48/167: backend/inference/report_usage.py                 
parsing 49/167: backend/inference/selectors.py                    
parsing 50/167: backend/inference/semantics.py                    
parsing 51/167: backend/mcp_server.py                             
parsing 52/167: backend/model_summary.py                          
parsing 53/167: backend/native_runtime.py                         
parsing 54/167: backend/projects.py                               
parsing 55/167: backend/scanner/__init__.py                       
parsing 56/167: backend/scanner/metadata_reader.py                
parsing 57/167: backend/scanner/model_reader.py                   
parsing 58/167: backend/scanner/normalization.py                  
parsing 59/167: backend/scanner/pbip.py                           
parsing 60/167: backend/scanner/pipeline.py                       
parsing 61/167: backend/scanner/report_reader.py                  
parsing 62/167: backend/scanner/sync.py                           
parsing 63/167: backend/sync/__init__.py                          
parsing 64/167: backend/sync/changes.py                           
parsing 65/167: backend/sync/reconciliation.py                    
parsing 66/167: backend/validation/__init__.py                    
parsing 67/167: backend/validation/graph.py                       
parsing 68/167: backend/validation/integrity.py                   
parsing 69/167: backend/validation/overrides.py                   
parsing 70/167: backend/validation/powerbi.py                     
parsing 71/167: backend/validation/semantics.py                   
parsing 72/167: branding/make_icon.py                             
parsing 73/167: docs/evidence/desktop-fixes-2026-09-30/verify-pack
parsing 74/167: docs/evidence/model-summary-2026-09-30/verify-pack
parsing 75/167: frontend/e2e/desktopAudit.spec.js                 
parsing 76/167: frontend/e2e/graph.spec.js                        
parsing 77/167: frontend/e2e/modelSummary.spec.js                 
parsing 78/167: frontend/e2e/overhaul.spec.js                     
parsing 79/167: frontend/e2e/product.spec.js                      
parsing 80/167: frontend/playwright.config.js                     
parsing 81/167: frontend/public/theme-init.js                     
parsing 82/167: frontend/src/App.jsx                              
parsing 83/167: frontend/src/NavIcon.jsx                          
parsing 84/167: frontend/src/components/BrandMark.jsx             
parsing 85/167: frontend/src/components/GraphColors.jsx           
parsing 86/167: frontend/src/components/GraphDetails.jsx          
parsing 87/167: frontend/src/components/GraphView.jsx             
parsing 88/167: frontend/src/components/ModelSummary.jsx          
parsing 89/167: frontend/src/components/VisualBindings.jsx        
parsing 90/167: frontend/src/components/ui/badge.jsx              
parsing 91/167: frontend/src/components/ui/button.jsx             
parsing 92/167: frontend/src/components/ui/card.jsx               
parsing 93/167: frontend/src/components/ui/checkbox.jsx           
parsing 94/167: frontend/src/components/ui/input.jsx              
parsing 95/167: frontend/src/components/ui/label.jsx              
parsing 96/167: frontend/src/components/ui/native-select.jsx      
parsing 97/167: frontend/src/components/ui/separator.jsx          
parsing 98/167: frontend/src/components/ui/sheet.jsx              
parsing 99/167: frontend/src/components/ui/tabs.jsx               
parsing 100/167: frontend/src/dax.jsx                              
parsing 101/167: frontend/src/desktop.js                           
parsing 102/167: frontend/src/graphLayout.js                       
parsing 103/167: frontend/src/graphPresentation.js                 
parsing 104/167: frontend/src/lib/utils.js                         
parsing 105/167: frontend/src/main.jsx                             
parsing 106/167: frontend/src/presentation.js                      
parsing 107/167: frontend/src/transport.js                         
parsing 108/167: frontend/test/desktop.test.js                     
parsing 109/167: frontend/test/desktopAudit.test.js                
parsing 110/167: frontend/test/graphLayout.test.js                 
parsing 111/167: frontend/test/graphPresentation.test.js           
parsing 112/167: frontend/test/graphVertical.test.js               
parsing 113/167: frontend/test/presentation.test.js                
parsing 114/167: frontend/test/reportHierarchy.test.js             
parsing 115/167: frontend/test/transport.test.js                   
parsing 116/167: frontend/vite.config.js                           
parsing 117/167: packaging/desktop_entry.py                        
parsing 118/167: scripts/check-frozen-desktop.py                   
parsing 119/167: tests/__init__.py                                 
parsing 120/167: tests/dax/__init__.py                             
parsing 121/167: tests/dax/_helpers.py                             
parsing 122/167: tests/dax/test_analyzer_contract.py               
parsing 123/167: tests/dax/test_analyzer_edge_cases.py             
parsing 124/167: tests/dax/test_antlr_generation_contract.py       
parsing 125/167: tests/dax/test_parser_contract.py                 
parsing 126/167: tests/fixtures/__init__.py                        
parsing 127/167: tests/fixtures/dax_edge_cases.py                  
parsing 128/167: tests/fixtures/dax_golden.py                      
parsing 129/167: tests/fixtures/pbip_sources.py                    
parsing 130/167: tests/fixtures/phase1_sources.py                  
parsing 131/167: tests/fixtures/phase2_sources.py                  
parsing 132/167: tests/fixtures/phase3_sources.py                  
parsing 133/167: tests/fixtures/phase5_sources.py                  
parsing 134/167: tests/fixtures/tmsl_sources.py                    
parsing 135/167: tests/graph_ui_server.py                          
parsing 136/167: tests/support/__init__.py                         
parsing 137/167: tests/support/canonical.py                        
parsing 138/167: tests/test_desktop.py                             
parsing 139/167: tests/test_desktop_agent.py                       
parsing 140/167: tests/test_desktop_audit_fixes.py                 
parsing 141/167: tests/test_desktop_native_e2e.py                  
parsing 142/167: tests/test_documentation_export.py                
parsing 143/167: tests/test_fact_graph_contract.py                 
parsing 144/167: tests/test_graph_presentation.py                  
parsing 145/167: tests/test_mcp_adapter.py                         
parsing 146/167: tests/test_model_summary.py                       
parsing 147/167: tests/test_native_cli_contract.py                 
parsing 148/167: tests/test_nonblocking_cleanup_contract.py        
parsing 149/167: tests/test_pbip_direct_ingestion_contract.py      
parsing 150/167: tests/test_phase1_edge_cases.py                   
parsing 151/167: tests/test_phase2_scan_contract.py                
parsing 152/167: tests/test_phase3_inference_audit.py              
parsing 153/167: tests/test_phase3_inference_contract.py           
parsing 154/167: tests/test_phase4_inspector_contract.py           
parsing 155/167: tests/test_phase5_sync_validation_contract.py     
parsing 156/167: tests/test_phase6_api_context_contract.py         
parsing 157/167: tests/test_product_api.py                         
parsing 158/167: tests/test_projects.py                            
parsing 159/167: tests/test_publication_contract.py                
parsing 160/167: tests/test_report_hierarchy.py                    
parsing 161/167: tests/test_report_visual_contract.py              
parsing 162/167: tests/test_repository_contract.py                 
parsing 163/167: tests/test_retrieval_quality.py                   
parsing 164/167: tests/test_scanner_contract.py                    
parsing 165/167: tests/test_schema_contract.py                     
parsing 166/167: tests/test_shared_semantic_review.py              
parsing 167/167: tests/test_tmsl_semantics_contract.py             
✓ wiring: 2132 nodes (1050 method, 746 function, 169 class, 167 file), 5353 edges, 167 cards [javascript, jsx, python]
  parsed: 1 of 167 files (166 replayed from cache)
  → C:\Users\Daniel\Desktop\PBIBrain\graft
  graft/ is git-ignored (added automatically) — a local cache; teammates run `graft build` to get their own.
